============================= test session starts =============================
platform win32 -- Python 3.13.12, pytest-9.0.2, pluggy-1.6.0
rootdir: C:\Users\HomePC\Documents\Distill\CascadeProjects\windsurf-project
configfile: pyproject.toml
plugins: anyio-4.12.1, asyncio-1.3.0, httpx-0.36.0
asyncio: mode=Mode.AUTO, debug=False, asyncio_default_fixture_loop_scope=None, asyncio_default_test_loop_scope=function
collected 3 items

tests\test_main.py FFF                                                   [100%]

================================== FAILURES ===================================
_______________________________ test_read_docs ________________________________

    @pytest.mark.asyncio
    async def test_read_docs():
        """Test that the API documentation is accessible."""
>       async with AsyncClient(app=app, base_url="http://test") as ac:
                   ^^^^^^^^^^^^^^^^^^^^^^^^^^^^^^^^^^^^^^^^^^^^
E       TypeError: AsyncClient.__init__() got an unexpected keyword argument 'app'

tests\test_main.py:38: TypeError
__________________________ test_scrape_unauthorized ___________________________

    @pytest.mark.asyncio
    async def test_scrape_unauthorized():
        """Test that scraping fails without an API key."""
>       async with AsyncClient(app=app, base_url="http://test") as ac:
                   ^^^^^^^^^^^^^^^^^^^^^^^^^^^^^^^^^^^^^^^^^^^^
E       TypeError: AsyncClient.__init__() got an unexpected keyword argument 'app'

tests\test_main.py:45: TypeError
_____________________________ test_scrape_success _____________________________

mock_fetch_url = <AsyncMock name='fetch_url' id='2496919457808'>

    @pytest.mark.asyncio
    async def test_scrape_success(mock_fetch_url):
        """Test a successful scrape with mocked dependencies."""
    
        # We need to bypass the database and API key check for this unit test
        # A cleaner way in FastAPI is app.dependency_overrides
        from app.dependencies import require_scope
    
        # Define the mock dependency for the 'scrape' scope
        async def override_scrape_scope():
            return ApiKey(id=uuid.uuid4(), name="Test", scopes=["scrape"], is_active=True)
    
        # Apply override
        # Note: require_scope("scrape") returns the actual dependency function used in the router
        app.dependency_overrides[require_scope("scrape")] = override_scrape_scope
    
        # Mock database session to avoid DB errors
        from app.db.session import get_session
        app.dependency_overrides[get_session] = lambda: AsyncMock()
    
>       async with AsyncClient(app=app, base_url="http://test") as ac:
                   ^^^^^^^^^^^^^^^^^^^^^^^^^^^^^^^^^^^^^^^^^^^^
E       TypeError: AsyncClient.__init__() got an unexpected keyword argument 'app'

tests\test_main.py:69: TypeError
=========================== short test summary info ===========================
FAILED tests/test_main.py::test_read_docs - TypeError: AsyncClient.__init__()...
FAILED tests/test_main.py::test_scrape_unauthorized - TypeError: AsyncClient....
FAILED tests/test_main.py::test_scrape_success - TypeError: AsyncClient.__ini...
============================= 3 failed in 21.84s ==============================
